// Jest Snapshot v1, https://goo.gl/fbAQLP

exports[`expect to render CardList component 1`] = `
"<div className=\\"makeStyles-style-1\\">
  <MediaCard id={1} name=\\"Bruce Wayne\\" nickname=\\"The Dark Knight‎‎‎\\" title=\\"CEO\\" email=\\"bruce@waynetech.com\\" team=\\"Operations\\" default=\\"test\\" />
</div>"
`;
